// Vitest Snapshot v1

exports[`BaseCrudFactory > GET /tests 1`] = `
{
  "data": [
    {
      "foo": "bar",
      "number": 1,
    },
  ],
  "pagination": {
    "current_page": 1,
    "has_next_page": false,
    "has_prev_page": false,
    "size": 10,
    "total": 1,
    "total_page": 1,
  },
}
`;

exports[`BaseCrudFactory > POST /tests 1`] = `
{
  "foo": "bar",
  "number": 2,
}
`;
